Lon Lat E.vel N.vel E.adj N.adj E.sig N.sig Corr U.vel U.adj U.sig Stat
14.05 40.876 -10.25 8.51 19.06 17.94 0.14 0.14 -0.0 0.22 0.14 0.43 LICO_GPS
14.0239 40.7651 -9.71 4.87 18.59 15.1 0.08 0.06 0.0 -0.16 -0.16 0.27 IPRO_GPS
14.2253 40.8779 -4.46 8.7 23.9 18.91 0.11 0.11 0.0 1.24 1.09 0.4 FRUL_GPS
13.9246 40.712 -9.95 7.3 18.38 17.47 0.14 0.14 0.0 -4.74 -5.24 0.58 ISCH_GPS
14.2583 40.8474 -3.79 7.56 24.61 17.79 0.26 0.22 0.0 0.16 0.16 0.84 MAFE_GPS
14.083 40.8596 -13.22 11.82 15.5 21.49 0.34 0.43 0.0 4.58 5.97 1.68 MORU_GPS
14.276 40.87 -5.26 6.98 23.09 17.2 0.19 0.18 0.0 0.37 0.19 0.28 NAPO_GPS
14.2763 40.8589 -5.63 7.68 22.77 17.91 0.54 0.48 0.0 4.52 4.52 1.69 TAI1_GPS
14.1417 40.8209 5.81 12.8 0.0 0.0 0.17 0.13 0.001 27.03 0.0 0.52 ACAE_GPS
14.3434 40.8113 -6.07 6.73 0.0 0.0 0.06 0.07 0.001 -0.9 0.0 0.3 AGR1_GPS
13.9346 40.7361 -8.74 4.68 0.0 0.0 0.08 0.07 0.001 -3.89 0.0 0.38 AQMO_GPS
13.8557 40.7369 -6.69 5.35 0.0 0.0 0.08 0.07 0.001 -1.76 0.0 0.29 FORI_GPS
14.163 40.7972 4.33 -4.46 0.0 0.0 0.2 0.18 0.001 10.2 0.0 0.48 NISI_GPS
13.9014 40.7467 -7.58 3.71 0.0 0.0 0.13 0.15 0.001 -3.62 0.0 0.6 OSCM_GPS
14.1437 40.8777 -6.34 13.42 0.0 0.0 0.08 0.1 0.001 3.56 0.0 0.26 QUAR_GPS
14.1262 40.8233 -6.6 15.29 0.0 0.0 0.08 0.14 0.001 34.26 0.0 0.56 RITE_GPS
13.9453 40.7234 -9.5 5.97 0.0 0.0 0.13 0.13 0.001 -2.93 0.0 0.41 SAN2_GPS
13.8952 40.7116 -6.91 9.65 0.0 0.0 0.08 0.09 0.001 -6.6 0.0 0.32 SERY_GPS
14.1117 40.8351 -15.23 23.59 0.0 0.0 0.15 0.21 0.001 23.3 0.0 0.62 STRZ_GPS
14.1205 40.8558 -9.62 21.12 0.0 0.0 0.1 0.2 0.001 11.57 0.0 0.52 VICY_GPS
14.4939 40.7535 -8.16 6.73 20.22 16.76 0.3 0.36 0.0 1.02 0.53 1.27 POMP_GPS
14.4388 40.8185 -8.48 6.03 0.0 0.0 0.16 0.11 0.001 -7.71 0.0 0.42 BKE1_GPS
14.4105 40.7786 -6.54 6.73 0.0 0.0 0.12 0.16 0.001 -2.4 0.0 0.72 ONPI_GPS
14.3974 40.8279 -5.75 5.54 0.0 0.0 0.08 0.08 0.001 -2.41 0.0 0.34 OSVE_GPS
14.4772 40.8494 -7.45 6.73 0.0 0.0 0.09 0.08 0.001 -1.52 0.0 0.34 PR0T_GPS
14.4122 40.8688 -6.59 6.3 0.0 0.0 0.07 0.09 0.001 -1.31 0.0 0.3 SAN1_GPS
14.97 37.69 -4.58 -0.69 24.26 13.33 0.69 1.13 -0.0 0.26 0.15 1.82 ESLN_GPS
14.9774 37.5913 -8.06 -3.92 20.81 4.73 0.14 0.18 -0.0 1.2 1.95 0.62 BELP_GPS
14.84 37.66 -11.16 4.28 18.12 15.26 0.16 0.18 -0.0 2.36 3.03 0.48 ADRA_GPS
14.85 37.79 -11.22 10.95 22.04 19.17 0.19 0.13 -0.0 1.39 1.39 0.66 BR0N_GPS
15.2 37.76 0.36 5.43 30.37 16.04 0.41 0.24 -0.0 0.27 -0.11 1.12 MASL_GPS
40.2723 12.3319 -73.67 -1.1 0.0 0.0 0.64 0.45 0.001 23.66 0.0 1.36 DA35_GPS
40.0714 12.0661 -44.51 -1.44 0.0 0.0 0.5 0.48 0.001 -3.76 0.0 1.63 DA60_GPS
40.358 12.6437 -26.24 20.42 0.0 0.0 0.58 0.46 0.001 36.98 0.0 2.1 DABT_GPS
41.311 11.957 0.64 18.82 33.45 23.93 2.3 2.26 -0.005 0.2 0.11 3.0 SERO_GPS
40.709 11.338 -5.52 16.02 27.11 21.36 2.29 2.24 -0.006 0.2 0.11 3.0 MEBK_GPS
41.01 11.78 8.78 48.9 41.06 54.39 2.33 2.29 -0.017 0.28 0.28 3.0 SMRA_GPS
40.94 11.67 0.46 31.1 32.73 36.61 2.56 2.46 -0.006 0.28 0.28 3.0 TNDH_GPS
40.26 11.25 -16.78 3.75 15.44 9.4 2.29 2.25 -0.008 0.28 0.28 3.0 KSGT_GPS
14.9048 41.6542 5.96 4.52 0.0 0.0 0.3 0.26 0.001 2.02 0.0 1.76 CIGN_GPS
12.4306 42.8697 -22.83 -2.92 0.0 0.0 0.2 0.27 0.001 -11.31 0.0 0.7 ASSI_GPS
3.0342 47.5048 -1.8 17.93 0.0 0.0 0.15 0.2 0.001 -9.96 0.0 0.58 STVN_GPS
-0.1774 44.7429 -6.85 10.27 17.91 22.07 0.38 0.49 -0.0 -3.4 -3.36 0.58 CESS_GPS
7.0041 52.1611 -10.66 15.32 13.41 26.48 0.3 0.37 -0.0 -12.05 -12.05 0.93 EPE1_GPS
7.7182 51.6248 -9.26 8.36 15.11 19.44 0.27 0.28 -0.0 -2.74 -2.74 0.98 HAM1_GPS
8.6259 50.175 -5.11 8.08 19.88 19.05 0.4 0.61 -0.0 0.23 0.23 1.53 NIED_GPS
23.5868 46.7579 -4.14 18.16 23.81 26.94 0.23 0.42 0.0 -1.14 -1.14 0.86 CLUJ_GPS
26.4392 45.0975 0.62 -2.26 29.2 6.23 0.5 0.46 0.0 2.96 1.66 1.88 JUGU_GPS
24.7897 44.5627 -9.95 0.91 0.0 0.0 0.39 0.45 0.001 -1.23 0.0 1.15 STOL_GPS
28.4273 49.2197 -10.27 3.19 0.0 0.0 0.45 0.42 0.001 2.55 0.0 2.01 VNRS_GPS
33.9695 44.3929 -4.43 -1.34 24.01 6.27 0.17 0.16 0.001 -2.24 0.43 0.51 KTVL_GPS
26.1249 44.4477 -6.71 2.21 22.11 10.55 0.22 0.23 0.0 -0.54 -0.55 0.68 TOPG_GPS
24.2616 41.94067 -30.32 -8.83 -1.09 -0.17 1.12 0.56 -0.01 1.2 1.2 0.98 8385_GIZ
26.7829 40.98677 -10.76 -14.1 18.93 -5.87 2.26 2.47 0.04 21.79 21.79 21.15 HEMI_GPS
32.4763 37.8594 -28.94 19.58 3.01 26.71 0.54 0.51 0.0 -33.72 -67.48 3.19 KNY1_GPS
6.8559 45.6251 -9.28 -2.01 16.93 9.53 0.15 0.31 -0.0 -1.64 -1.58 0.76 ROSI_GPS
7.1987 45.7171 -4.77 0.77 21.41 11.91 0.39 0.47 -0.0 1.91 1.91 1.6 RUMI_GPS
7.4426 45.7529 -7.23 -0.77 18.98 10.35 0.36 0.36 -0.0 1.38 1.38 1.62 TNUS_GPS
6.8117 44.4809 -9.53 -0.69 0.0 0.0 0.37 0.33 0.001 -3.47 0.0 1.19 SURF_GPS
2.6637 44.9309 -10.9 3.99 14.88 15.64 0.57 0.42 -0.0 -1.56 -1.56 1.98 JOUS_GPS
76.945 52.285 -6.57 4.2 22.26 1.57 2.04 2.2 0.0 -0.2 0.25 3.01 PVL9_GPS
92.7122 11.6378 -22.69 25.29 0.0 0.0 0.36 0.3 0.001 17.22 0.0 1.18 PBR2_GPS
-1.687 37.6538 -2.69 1.61 26.43 12.67 0.28 0.24 0.0 -67.46 -72.67 1.02 LOR1_GPS
-1.7137 37.6566 -0.64 0.24 26.08 12.92 0.25 0.18 0.0 -15.88 -7.09 0.62 LORC_GPS
9.2455 39.4904 -5.71 11.94 22.42 22.84 0.52 0.62 0.0 -0.69 -0.69 1.11 SRT1_GPS
43.7391 37.57432 -4.39 4.1 27.17 9.02 0.91 0.66 0.01 0.74 0.74 25.65 HAKK_GE8
122.03 46.04 7.44 -3.61 33.87 -14.45 1.35 1.35 -0.043 -5.77 -5.77 2.87 NMWL_GPS
120.11 43.86 8.12 -3.57 35.42 -14.16 1.29 1.29 -0.063 -5.22 -5.22 2.71 NMAL_GPS
122.63 43.3 10.77 -4.47 37.9 -15.38 1.34 1.34 -0.046 -5.61 -5.61 2.85 NMAG_GPS
115.98 42.23 3.2 -1.46 34.19 -12.18 0.66 0.66 -0.055 -2.0 -4.3 2.72 NMZL_GPS
111.94 43.63 1.4 -0.83 32.73 -11.07 0.3 0.4 -0.057 0.13 -3.75 3.0 NMEL_GPS
14.22 40.55 -8.96 8.06 19.51 18.29 0.56 0.57 -0.0 0.14 0.14 3.0 CAPR_GPS
69.78009 35.25127 -8.58 14.32 23.85 13.43 2.31 2.75 -0.083 2.09 2.09 3.02 PAN3_GPS
67.868 37.838 -21.06 7.85 11.04 7.39 0.61 0.61 0.013 2.46 2.46 3.03 KFIR_GPS
69.18447 38.46727 -14.69 -0.79 17.31 -1.55 0.6 0.65 -0.02 1.93 1.93 3.02 GF21_GPS
33.32 28.7 -16.19 -6.28 15.86 0.75 6.98 9.03 0.001 -0.12 -0.12 3.0 RUDS_GPS
18.7389 49.2273 -5.5 6.59 21.25 17.88 0.39 0.24 0.0 -1.06 -2.31 1.86 KUZA_GPS
20.406 49.9678 -4.51 7.74 22.14 17.04 0.36 0.34 0.0 -2.42 -2.42 1.16 BOCH_GPS
19.0357 50.2533 -5.15 1.81 21.44 11.41 0.08 0.1 0.0 -1.62 -1.82 0.32 KATO_GPS
19.1594 50.3445 -5.02 3.04 21.36 12.53 0.58 0.72 0.0 1.24 1.24 2.38 BEDZ_GPS
38.743 40.047 -14.84 6.05 21.43 7.38 0.52 0.64 0.001 0.2 -20.09 3.01 AYDG_GPS
39.361 39.902 -8.48 4.68 27.7 4.92 0.53 0.64 0.023 0.2 -20.65 3.01 AHMD_GPS
38.448 40.316 -9.54 4.23 27.27 6.06 0.47 0.55 -0.03 0.55 -19.87 3.0 SBKH_GPS
39.494 39.652 -19.83 10.9 16.03 11.22 0.82 1.07 0.05 0.2 -20.73 3.01 BNKC_GPS
37.001 40.685 -9.82 9.57 26.88 14.24 0.46 0.55 -0.006 0.2 -18.59 3.01 OZDM_GPS
25.439 36.346 -23.3 -25.51 7.31 -16.94 0.42 0.41 0.047 1.14 1.03 2.74 THIR_GPS
25.36 36.36 -23.16 -22.62 8.33 -13.16 0.27 0.35 0.03 -0.12 0.14 1.15 SNTR_GPS
25.406 36.463 -25.42 -24.43 5.03 -15.96 1.61 1.41 0.0 0.14 0.14 3.0 THRA_GPS
25.4226 36.4336 -25.36 -24.62 5.38 -15.92 0.3 0.22 0.0 1.54 1.54 0.96 SANT_GPS
25.4525 36.3849 -24.22 -25.62 6.25 -16.19 0.5 0.38 0.0 6.02 2.1 1.21 SNTR_GPS
25.3481 36.4179 -23.12 -23.43 6.4 -14.91 0.55 0.42 0.0 0.15 1.9 2.17 KERA_GPS
25.4286 36.4217 -23.49 -24.98 6.97 -16.51 0.39 0.3 0.0 0.68 2.63 1.31 NOMI_GPS
25.3846 36.3961 -23.02 -23.74 7.16 -15.35 0.3 0.3 0.0 2.04 2.04 1.47 PKMN_GPS
25.3436 36.455 -24.76 -22.84 5.68 -14.07 0.35 0.34 0.0 2.91 3.82 1.62 RIBA_GPS
25.4222 36.4555 -25.33 -25.46 6.43 -15.1 0.35 0.35 0.001 3.88 0.15 2.22 MOZI_GPS
25.401 36.408 -25.05 -24.13 5.41 -15.66 0.4 0.4 0.001 4.13 4.13 1.63 MKMN_GPS
25.437 36.387 -23.07 -26.43 7.4 -17.96 0.5 0.5 0.001 12.05 12.05 1.57 WNRY_GPS
23.372 38.986 -30.91 -10.17 14.53 -4.82 0.69 0.71 0.0 -9.89 0.14 3.38 CG17_GPS
23.463 38.843 -32.61 -8.62 15.26 -8.13 0.64 0.65 0.0 -4.63 0.14 3.36 CG27_GPS
23.54 38.445 -19.57 -19.12 10.34 -10.43 0.75 0.75 0.0 0.17 0.14 3.0 CG35_GPS
23.743 38.43 -31.02 -8.94 8.97 -11.36 0.62 0.62 0.0 2.39 0.14 3.32 CG41_GPS
22.806 38.752 -14.59 -12.62 15.19 -3.84 0.7 0.7 0.0 -3.99 0.14 3.36 CG21_GPS
22.0605 38.12745 -23.78 -3.45 6.05 5.59 0.44 0.35 -0.01 -4.66 -4.66 4.26 EG62_GAG
21.8985 45.2929 -9.79 4.56 18.37 13.62 0.34 0.21 0.0 -1.78 -1.78 0.7 RESI_GPS
45.8084 32.5019 -9.13 21.22 0.0 0.0 0.36 0.36 0.001 -1.74 0.0 1.76 ISKU_GPS
26.929 36.752 -30.29 -8.3 8.34 -13.11 0.23 0.24 0.079 3.76 1.02 3.0 KOSI_GPS
26.406 36.586 -31.16 -6.74 9.94 -16.52 0.23 0.24 0.096 -0.2 1.03 1.8 ASTP_GPS
14.36 38.53 -7.36 9.46 20.53 19.63 0.16 0.14 -0.0 0.03 0.15 1.82 IACL_GPS
14.58 38.56 -6.14 8.41 22.89 18.86 0.16 0.12 -0.0 -0.04 0.15 1.79 IFIL_GPS
15.07 38.63 -6.26 8.26 21.53 17.41 1.01 1.14 -0.0 0.15 0.15 3.0 PANA_GPS
14.87 38.56 -5.12 7.06 23.12 16.98 0.64 0.68 -0.0 -1.36 0.15 2.36 SALI_GPS
15.24 38.8 -6.34 8.17 22.45 17.91 0.21 0.16 -0.0 -0.59 0.15 0.74 SVIN_GPS
14.99 38.38 -7.34 13.91 21.71 24.04 0.52 0.54 -0.0 0.15 0.15 3.0 VULC_GPS
14.933 38.49 -6.43 11.02 22.59 21.15 1.61 1.62 -0.0 0.15 0.15 3.0 LIPA_GPS
15.11 38.64 -7.75 8.17 21.11 18.31 0.15 0.14 -0.0 0.15 0.15 3.0 LI3D_GPS
14.95 38.45 -6.96 11.44 21.91 21.77 0.13 0.12 -0.0 -3.56 0.15 1.78 LOSV_GPS
14.95 38.42 -5.2 11.45 23.83 21.58 0.67 0.45 -0.0 0.15 0.15 3.0 VCSP_GPS
15.077 38.643 -4.96 7.2 24.45 18.21 0.14 0.14 -0.0 -1.69 0.15 1.8 CPAN_GPS
14.9516 38.4094 -5.41 11.65 23.63 21.84 0.23 0.11 0.0 -8.33 -8.33 0.61 VCSP_GPS
14.8351 38.5771 -4.86 7.72 24.09 17.93 0.16 0.15 0.0 -2.63 -3.23 1.04 LINA_GPS
14.9608 38.3968 -6.25 13.54 22.54 23.31 0.21 0.26 0.001 1.26 1.26 3.01 IVGP_GPS
14.9865 38.3969 -7.01 14.03 22.03 24.16 0.12 0.16 0.001 1.26 1.26 3.01 IVUG_GPS
15.2181 38.8099 -6.36 8.05 22.89 18.15 0.13 0.14 0.001 0.64 1.14 3.0 SPLB_GPS
15.2115 38.7739 -6.38 7.96 22.73 18.28 0.1 0.11 0.001 0.65 1.15 3.0 SPLN_GPS
15.1916 38.7911 -6.28 7.87 22.95 18.05 0.1 0.1 0.001 0.65 1.15 3.0 STDF_GPS
33.911 35.037 -17.14 10.29 14.2 17.2 0.38 0.47 -0.0 22.39 22.39 3.03 FREN_GPS
38.706 38.234 -17.59 11.58 13.57 17.54 0.99 1.05 0.0 0.11 0.11 3.0 CAYK_GPS
118.72 25.34 5.27 -7.44 36.22 -17.85 1.0 0.9 0.023 0.23 0.23 3.0 F019_GPS
33.4876 40.9783 -15.99 6.23 14.28 13.22 0.87 0.73 0.001 -5.58 -5.58 3.35 IS07_GPS
33.4395 41.0152 -13.23 5.48 17.03 12.48 1.04 0.68 0.001 -0.82 -0.82 3.37 IS08_GPS
33.77551 41.37123 -7.25 6.7 22.96 13.45 0.32 0.31 -0.017 0.03 3.82 2.68 KSTM_GPS
32.4442 40.8326 -19.3 2.58 10.92 9.77 0.73 0.69 0.001 -0.48 -0.48 2.45 IS16_GPS
32.3376 40.8185 -17.19 2.57 13.02 9.78 0.69 0.64 0.001 -1.78 -1.78 2.91 IS17_GPS
66.991 30.166 -7.28 24.36 26.12 24.1 1.1 0.3 0.001 0.32 0.23 3.0 QTAG_GPS
7.3656 53.1082 -9.12 6.8 0.0 0.0 0.16 0.14 0.001 -0.35 0.0 0.51 TGPA_GPS
6.0968 53.1024 -3.37 6.59 20.23 17.86 0.53 0.58 -0.0 0.03 0.03 1.94 DRCH_GPS
6.563 51.988 -4.92 2.65 19.14 13.86 0.29 0.29 -0.0 -0.24 -0.24 0.74 LCHT_GPS
9.452 52.415 -8.01 3.4 16.35 14.26 0.2 0.17 -0.0 -1.94 -1.94 0.67 WUN1_GPS
4.2163 50.3209 -4.34 6.6 20.26 18.38 0.48 0.48 -0.0 -0.09 -0.33 1.75 FOVA_GPS
6.8872 53.3745 -5.71 5.3 17.92 16.48 0.36 0.33 -0.0 -3.09 -3.09 1.3 BIER_GPS
7.0157 53.2894 -6.17 5.53 17.51 16.69 0.47 0.37 -0.0 -2.66 -2.66 1.35 BOR3_GPS
6.6779 53.3102 -5.37 4.85 18.25 16.05 0.34 0.31 -0.0 -6.08 -6.08 1.35 BRNH_GPS
6.936 53.3228 -6.58 4.8 17.07 15.97 0.2 0.17 -0.0 -4.38 -4.38 0.83 DZY1_GPS
6.687 53.24 -5.25 5.6 18.39 16.8 0.15 0.22 -0.0 -5.29 -5.29 0.51 EEMS_GPS
6.6437 53.2127 -5.41 5.0 18.24 16.2 0.41 0.39 -0.0 -1.02 -1.02 1.77 ENGE_GPS
6.7818 53.1878 -7.02 5.25 16.66 16.44 0.19 0.14 -0.0 -5.09 -5.09 0.53 FROO_GPS
6.6047 53.1483 -5.7 5.03 17.96 16.24 0.44 0.43 -0.0 -1.59 -1.59 1.82 HAR2_GPS
6.9841 53.1567 -5.72 4.92 18.0 16.08 0.35 0.35 -0.0 -2.03 -2.03 1.31 HEIL_GPS
7.0309 53.3271 -7.64 4.48 16.03 15.64 0.21 0.18 -0.0 -1.97 -1.97 0.53 KNOC_GPS
6.8173 53.3517 -6.08 4.42 17.54 15.6 0.38 0.33 -0.0 -4.79 -4.79 1.25 LEER_GPS
6.6775 53.1175 -5.76 5.63 17.92 16.83 0.4 0.35 -0.0 0.13 0.13 1.71 MLRN_GPS
6.943 53.1986 -6.17 4.57 17.53 15.74 0.34 0.3 -0.0 -2.33 -2.33 1.24 NSCH_GPS
7.0375 53.221 -7.0 5.21 16.7 16.37 0.36 0.39 -0.0 -2.23 -2.23 1.34 OOSW_GPS
6.8228 53.2958 -6.55 4.62 17.09 15.8 0.18 0.23 -0.0 -5.07 -5.07 0.56 OVER_GPS
6.8004 53.1561 -5.45 4.63 18.24 15.82 0.35 0.33 -0.0 -2.87 -2.87 1.32 SAP1_GPS
6.8152 53.2423 -6.66 5.39 17.0 16.57 0.33 0.33 -0.0 -3.58 -3.58 1.29 SCHW_GPS
6.7018 53.3342 -5.7 4.67 17.91 15.87 0.18 0.17 -0.0 -5.94 -5.94 0.59 STED_GPS
6.7448 53.2991 -6.2 5.17 17.43 16.36 0.21 0.29 -0.0 -7.05 -7.05 0.58 TENP_GPS
6.882 53.2711 -7.04 4.66 16.62 15.84 0.18 0.15 -0.0 -4.46 -4.46 0.71 TJUC_GPS
6.565 53.214 -5.05 4.48 18.58 15.69 0.41 0.4 -0.0 -3.66 -3.66 1.01 GRGN_GPS
7.051 53.134 -7.55 5.48 16.19 16.64 0.29 0.35 -0.0 -1.35 -1.35 0.95 WSTN_GPS
6.788 53.383 -6.14 5.16 17.47 16.35 0.17 0.21 -0.0 -6.12 -6.12 0.49 ZAND_GPS
6.855 53.189 -6.34 4.94 17.35 16.12 0.28 0.13 -0.0 -4.43 -4.43 0.4 ZDVN_GPS
6.738 53.346 -6.48 4.12 17.13 15.31 0.14 0.17 -0.0 -6.13 -6.13 0.48 ZEER_GPS
-1.42 37.66 -6.96 6.0 20.49 18.21 0.2 0.2 0.001 0.53 0.96 3.0 GANU_GPS
-1.1286 37.8065 -8.27 4.82 19.13 16.89 0.11 0.1 0.0 -0.5 -0.77 0.38 AIRM_GPS
6.9071 44.6969 -7.47 2.06 0.0 0.0 0.21 0.2 0.001 -3.28 0.0 0.72 SVRN_GPS
7.0048 45.9465 -8.08 1.24 0.0 0.0 0.17 0.19 0.001 -5.64 0.0 0.47 ARGR_GPS
6.1026 45.926 -5.95 2.9 19.94 14.19 0.21 0.34 -0.0 -1.38 -1.8 1.19 ANNE_GPS
76.969 8.423 14.37 38.55 46.43 36.03 2.77 2.37 -0.009 0.19 0.19 3.0 TIR0_GPS
26.3944 47.9513 -4.63 1.24 23.3 9.53 0.56 0.52 0.0 -0.92 -0.92 0.9 DORO_GPS
15.29 37.85 -6.06 10.15 19.22 17.55 0.33 0.25 -0.0 0.99 0.15 2.4 TAOR_GPS
15.265 37.87 -8.25 9.09 20.94 19.18 0.14 0.14 -0.002 0.14 0.14 3.0 9532_GPS
14.992 37.334 -6.46 10.66 22.81 20.79 0.29 0.3 0.024 0.14 0.14 3.0 ISCP_GPS
15.08 37.53 -6.88 2.46 22.4 16.56 0.14 0.16 -0.0 4.66 2.87 0.49 CTAC_GPS
15.08209 37.5136 -6.13 6.73 23.11 15.98 0.18 0.2 0.027 1.52 0.25 0.8 EIIV_GPS
14.3035 37.5231 -8.76 7.46 20.93 18.3 0.21 0.15 -0.0 0.85 1.05 0.42 EDEN_GPS
95.48 31.45 23.72 -4.87 55.34 -11.32 1.82 1.76 0.001 1.16 4.67 3.0 w810_GPS
95.69863 19.75792 7.34 23.75 39.88 17.25 0.56 0.55 0.0 0.36 0.36 3.0 0087_GPS
93.50979 19.39752 8.51 33.48 41.13 27.42 0.56 0.56 0.0 0.36 0.36 3.0 0324_GPS
86.292 35.376 -3.01 20.42 29.03 15.53 0.81 0.83 0.001 0.25 0.82 3.01 w174_GPS
93.05 35.09 14.85 11.12 44.53 7.63 0.63 0.62 0.001 0.34 2.37 3.0 w859_GPS
