Lon Lat E.vel N.vel E.adj N.adj E.sig N.sig Corr U.vel U.adj U.sig Stat
14.1417 40.8209 32.66 -57.4 0.0 0.0 0.17 0.13 0.001 27.03 0.0 0.52 ACAE_GPS
14.3434 40.8113 20.63 -63.48 0.0 0.0 0.06 0.07 0.001 -0.9 0.0 0.3 AGR1_GPS
13.9346 40.7361 18.31 -65.51 0.0 0.0 0.08 0.07 0.001 -3.89 0.0 0.38 AQMO_GPS
13.8557 40.7369 20.42 -64.83 0.0 0.0 0.08 0.07 0.001 -1.76 0.0 0.29 FORI_GPS
14.2253 40.8779 22.31 -61.5 0.0 0.0 0.11 0.11 0.001 1.24 0.0 0.4 FRUL_GPS
14.0239 40.7651 17.26 -65.32 0.0 0.0 0.08 0.06 0.001 -0.16 0.0 0.27 IPRO_GPS
13.9246 40.712 17.11 -62.89 0.0 0.0 0.14 0.14 0.001 -4.74 0.0 0.58 ISCY_GPS
14.0496 40.8764 16.66 -61.68 0.0 0.0 0.14 0.14 0.001 0.22 0.0 0.43 LICO_GPS
14.083 40.8596 13.67 -58.38 0.0 0.0 0.34 0.43 0.001 4.58 0.0 1.68 MORU_GPS
14.276 40.87 21.47 -63.22 0.0 0.0 0.19 0.18 0.001 0.37 0.0 0.28 NAPO_GPS
14.163 40.7972 31.18 -74.67 0.0 0.0 0.2 0.18 0.001 10.2 0.0 0.48 NISI_GPS
13.9014 40.7467 19.49 -66.48 0.0 0.0 0.13 0.15 0.001 -3.62 0.0 0.6 OSCM_GPS
14.1437 40.8777 20.49 -56.78 0.0 0.0 0.08 0.1 0.001 3.56 0.0 0.26 QUAR_GPS
14.1262 40.8233 20.27 -54.91 0.0 0.0 0.08 0.14 0.001 34.26 0.0 0.56 RITE_GPS
13.9453 40.7234 17.55 -64.22 0.0 0.0 0.13 0.13 0.001 -2.93 0.0 0.41 SAN2_GPS
13.8952 40.7116 20.18 -60.54 0.0 0.0 0.08 0.09 0.001 -6.6 0.0 0.32 SERY_GPS
14.1117 40.8351 11.64 -46.61 0.0 0.0 0.15 0.21 0.001 23.3 0.0 0.62 STRZ_GPS
14.1205 40.8558 17.24 -49.08 0.0 0.0 0.1 0.2 0.001 11.57 0.0 0.52 VICY_GPS
14.2583 40.8474 22.96 -62.64 24.61 17.79 0.26 0.22 0.0 0.16 0.16 0.84 MAFE_GPS
14.2763 40.8589 21.11 -62.52 22.77 17.91 0.54 0.48 0.0 4.52 4.52 1.69 TAI1_GPS
14.4388 40.8185 18.14 -64.19 0.0 0.0 0.16 0.11 0.001 -7.71 0.0 0.42 BKE1_GPS
14.4105 40.7786 20.11 -63.48 0.0 0.0 0.12 0.16 0.001 -2.4 0.0 0.72 ONPI_GPS
14.3974 40.8279 20.89 -64.67 0.0 0.0 0.08 0.08 0.001 -2.41 0.0 0.34 OSVE_GPS
14.4939 40.7535 18.44 -63.48 0.0 0.0 0.3 0.36 0.001 1.02 0.0 1.27 POMP_GPS
14.4772 40.8494 19.13 -63.48 0.0 0.0 0.09 0.08 0.001 -1.52 0.0 0.34 PR0T_GPS
14.4122 40.8688 20.03 -63.92 0.0 0.0 0.07 0.09 0.001 -1.31 0.0 0.3 SAN1_GPS
14.8424 37.6584 16.2 -65.96 0.0 0.0 0.16 0.18 0.001 2.36 0.0 0.48 ADRA_GPS
14.9774 37.5913 19.24 -74.16 0.0 0.0 0.14 0.18 0.001 1.2 0.0 0.62 BELP_GPS
14.8458 37.7889 16.1 -59.3 0.0 0.0 0.19 0.13 0.001 1.39 0.0 0.66 BRO2_GPS
14.9743 37.6934 22.68 -70.93 0.0 0.0 0.69 1.13 0.001 0.26 0.0 1.82 ESLN_GPS
15.1958 37.759 27.43 -64.82 0.0 0.0 0.41 0.24 0.001 0.27 0.0 1.12 MASC_GPS
40.2723 12.3319 -47.37 -65.4 0.0 0.0 0.64 0.45 0.001 23.66 0.0 1.36 DA35_GPS
40.0714 12.0661 -18.0 -65.84 0.0 0.0 0.5 0.48 0.001 -3.76 0.0 1.63 DA60_GPS
40.358 12.6437 -0.14 -43.83 0.0 0.0 0.58 0.46 0.001 36.98 0.0 2.1 DABT_GPS
41.311 11.957 26.93 -44.94 33.45 23.93 2.3 2.26 -0.005 0.2 0.11 3.0 SERO_GPS
40.709 11.338 21.28 -48.06 27.11 21.36 2.29 2.24 -0.006 0.2 0.11 3.0 MEBK_GPS
41.01 11.78 35.25 -15.03 41.06 54.39 2.33 2.29 -0.017 0.28 0.28 3.0 SMRA_GPS
40.94 11.67 27.01 -32.86 32.73 36.61 2.56 2.46 -0.006 0.28 0.28 3.0 TNDH_GPS
40.26 11.25 10.18 -60.55 15.44 9.4 2.29 2.25 -0.008 0.28 0.28 3.0 KSGT_GPS
14.9048 41.6542 31.9 -65.7 0.0 0.0 0.3 0.26 0.001 2.02 0.0 1.76 CIGN_GPS
12.4306 42.8697 4.73 -73.0 0.0 0.0 0.2 0.27 0.001 -11.31 0.0 0.7 ASSI_GPS
3.0342 47.5048 32.5 -50.41 0.0 0.0 0.15 0.2 0.001 -9.96 0.0 0.58 STVN_GPS
359.8226 44.7429 30.72 -57.07 0.0 0.0 0.38 0.49 0.001 -3.4 0.0 0.58 CESS_GPS
7.0041 52.1611 18.67 -53.96 13.41 26.48 0.3 0.37 -0.0 -12.05 -12.05 0.93 EPE1_GPS
7.7182 51.6248 19.58 -61.05 15.11 19.44 0.27 0.28 -0.0 -2.74 -2.74 0.98 HAM1_GPS
8.6259 50.175 23.36 -61.5 19.88 19.05 0.4 0.61 -0.0 0.23 0.23 1.53 NIED_GPS
23.5868 46.7579 12.15 -51.5 23.81 26.94 0.23 0.42 0.0 -1.14 -1.14 0.86 CLUJ_GPS
26.4392 45.0975 15.35 -71.4 0.0 0.0 0.5 0.46 0.001 2.96 0.0 1.88 JUGU_GPS
24.7897 44.5627 6.47 -68.56 0.0 0.0 0.39 0.45 0.001 -1.23 0.0 1.15 STOL_GPS
28.4273 49.2197 0.31 -65.47 0.0 0.0 0.45 0.42 0.001 2.55 0.0 2.01 VNRS_GPS
33.9695 44.3929 4.44 -68.28 0.0 0.0 0.17 0.16 0.001 -2.24 0.0 0.51 KTVL_GPS
26.1249 44.4477 8.64 -67.01 0.0 0.0 0.22 0.23 0.001 -0.54 0.0 0.68 TOPG_GPS
24.2616 41.94067 -12.09 -78.41 -1.09 -0.17 1.12 0.56 -0.01 1.2 1.2 0.98 8385_GIZ
26.7829 40.98677 5.96 -83.19 18.93 -5.87 2.26 2.47 0.04 21.79 21.79 21.15 HEMI_GPS
32.476 37.859 -14.7 -47.92 0.66 26.8 0.54 0.51 -0.0 -33.72 0.05 3.19 KNY1_GPS
6.8558 45.6252 22.16 -71.29 0.0 0.0 0.15 0.31 0.001 -1.64 0.0 0.76 ROSI_GPS
7.1987 45.7171 26.35 -68.57 21.41 11.91 0.39 0.47 -0.0 1.91 1.91 1.6 RUMI_GPS
7.4426 45.7529 23.68 -70.15 18.98 10.35 0.36 0.36 -0.0 1.38 1.38 1.62 TNUS_GPS
6.8117 44.4809 22.26 -69.96 0.0 0.0 0.37 0.33 0.001 -3.47 0.0 1.19 SURF_GPS
2.6637 44.9309 24.27 -64.25 14.88 15.64 0.57 0.42 -0.0 -1.56 -1.56 1.98 JOUS_GPS
76.945 52.285 -34.53 -30.28 22.26 1.57 2.04 2.2 0.0 -0.2 0.25 3.01 PVL9_GPS
92.7122 11.6378 -3.95 8.71 0.0 0.0 0.36 0.3 0.001 17.22 0.0 1.18 PBR2_GPS
358.3132 37.6539 36.8 -65.21 0.0 0.0 0.28 0.24 0.001 -67.46 0.0 1.02 LOR0_GPS
358.2863 37.6566 38.86 -66.56 0.0 0.0 0.25 0.18 0.001 -15.88 0.0 0.62 LORC_GPS
9.2455 39.4904 25.38 -57.78 22.42 22.84 0.52 0.62 0.0 -0.69 -0.69 1.11 SRT1_GPS
43.739 37.574 2.26 -58.28 25.45 11.5 0.91 0.66 -0.001 0.74 -0.13 25.65 HAKK_GPS
122.03 46.04 -18.05 15.38 33.87 -14.45 1.35 1.35 -0.043 -5.77 -5.77 2.87 NMWL_GPS
120.11 43.86 -15.07 13.14 35.42 -14.16 1.29 1.29 -0.063 -5.22 -5.22 2.71 NMAL_GPS
122.63 43.3 -11.17 15.23 37.9 -15.38 1.34 1.34 -0.046 -5.61 -5.61 2.85 NMAG_GPS
115.98 42.233 -18.62 10.3 28.66 -10.75 0.66 0.66 0.003 -2.0 0.3 2.72 NMZL_GPS
111.942 43.635 -22.66 6.02 29.75 -10.12 0.3 0.4 0.0 0.13 0.13 3.0 NMEL_GPS
14.22 40.55 17.93 -62.15 19.51 18.29 0.56 0.57 -0.0 0.14 0.14 3.0 CAPR_GPS
69.78009 35.25127 -13.94 -27.54 23.85 13.43 2.31 2.75 -0.083 2.09 2.09 3.02 PAN3_GPS
67.868 37.838 -28.48 -35.87 11.04 7.39 0.61 0.61 0.013 2.46 2.46 3.03 KFIR_GPS
69.18447 38.46727 -23.41 -43.23 17.31 -1.55 0.6 0.65 -0.02 1.93 1.93 3.02 GF21_GPS
33.32 28.7 3.08 -73.51 15.86 0.75 6.98 9.03 0.001 -0.12 -0.12 3.0 RUDS_GPS
18.739 49.227 13.95 -63.57 21.09 14.42 0.39 0.24 -0.0 -1.06 0.18 1.86 KUZA_GPS
20.406 49.9678 13.03 -62.3 22.14 17.04 0.36 0.34 0.0 -2.42 -2.42 1.16 BOCH_GPS
19.0356 50.2533 13.54 -68.33 0.0 0.0 0.08 0.1 0.001 -1.62 0.0 0.32 KATO_GPS
19.1594 50.3445 13.51 -67.09 21.36 12.53 0.58 0.72 0.0 1.24 1.24 2.38 BEDZ_GPS
38.743 40.047 -6.61 -58.9 16.0 12.0 0.52 0.64 -0.088 0.2 0.2 3.01 AYDG_GPS
39.361 39.902 -0.59 -59.99 22.44 10.5 0.53 0.64 -0.09 0.2 0.2 3.01 AHMD_GPS
38.448 40.316 -1.29 -60.86 21.45 10.24 0.47 0.55 -0.087 0.55 0.2 3.0 SBKH_GPS
39.494 39.652 -11.85 -53.7 11.13 17.08 0.82 1.07 -0.055 0.2 0.2 3.01 BNKC_GPS
37.001 40.685 -0.76 -56.17 20.78 16.29 0.46 0.55 -0.088 0.2 0.2 3.01 OZDM_GPS
25.3481 36.4178 -2.94 -92.84 0.0 0.0 0.55 0.42 0.001 0.15 0.0 2.17 KERA_GPS
25.4286 36.4217 -3.37 -94.37 0.0 0.0 0.39 0.3 0.001 0.68 0.0 1.31 NOMI_GPS
25.3436 36.455 -4.6 -92.25 0.0 0.0 0.35 0.34 0.001 2.91 0.0 1.62 RIBA_GPS
25.4226 36.4336 -5.25 -94.01 0.0 0.0 0.3 0.22 0.001 1.54 0.0 0.96 SAN__GPS
25.3571 36.3577 -2.96 -92.02 0.0 0.0 0.27 0.35 0.001 -0.12 0.0 1.15 SNTR_GPS
25.4525 36.3849 -4.1 -95.01 0.0 0.0 0.5 0.38 0.001 6.02 0.0 1.21 THIR_GPS
25.3846 36.3962 -2.85 -93.14 7.44 -15.27 0.3 0.3 0.0 2.04 0.15 1.47 PKMN_GPS
25.4222 36.4555 -5.22 -94.84 6.43 -15.1 0.35 0.35 0.001 3.88 0.15 2.22 MOZI_GPS
25.4385 36.34638 -3.16 -94.89 7.11 -17.03 0.42 0.41 -0.01 1.14 1.81 2.74 GAVR_GPS
25.401 36.408 -4.9 -93.53 5.41 -15.66 0.4 0.4 0.001 4.13 4.13 1.63 MKMN_GPS
25.437 36.387 -2.93 -95.81 7.4 -17.96 0.5 0.5 0.001 12.05 12.05 1.57 WNRY_GPS
25.406 36.463 -5.3 -93.82 5.03 -15.96 1.61 1.41 0.0 0.14 0.14 3.0 THRA_GPS
23.372 38.986 -2.69 -81.59 14.71 -4.73 0.69 0.71 -0.03 -7.48 0.17 3.19 CG17_GPS
23.463 38.843 -12.22 -78.34 15.47 -8.03 0.64 0.65 0.03 -4.63 0.17 3.36 CG27_GPS
23.54 38.445 0.95 -88.83 10.59 -10.33 0.75 0.75 -0.05 0.17 0.17 3.0 CG35_GPS
23.743 38.43 -10.64 -78.62 9.23 -11.24 0.62 0.62 0.0 2.39 0.17 3.32 CG41_GPS
22.806 38.752 6.35 -82.44 15.4 -3.81 0.7 0.7 0.01 -3.99 0.17 3.36 CG21_GPS
22.0605 38.12745 -2.0 -73.36 6.05 5.59 0.44 0.35 -0.01 -4.66 -4.66 4.26 EG62_GAG
21.8985 45.2929 8.73 -65.34 18.37 13.62 0.34 0.21 0.0 -1.78 -1.78 0.7 RESI_GPS
45.8084 32.5019 0.34 -39.97 0.0 0.0 0.36 0.36 0.001 -1.74 0.0 1.76 ISKU_GPS
26.9293 36.75207 -11.45 -77.36 0.16 -0.06 0.22 0.24 -0.009 4.01 4.27 4.0 KOSI_GPS
26.4064 36.58563 -11.83 -75.92 -0.72 1.6 0.23 0.24 -0.009 -0.2 -0.2 1.8 ASTP_GPS
15.077 38.6428 21.93 -63.02 0.0 0.0 0.14 0.19 0.001 0.15 0.0 3.0 CPAN_GPS
14.3564 38.5339 20.11 -60.79 0.0 0.0 0.11 0.11 0.001 -0.09 0.0 0.65 IACL_GPS
14.5753 38.5642 21.13 -61.82 0.0 0.0 0.16 0.12 0.001 -0.04 0.0 1.79 IFIL_GPS
15.1141 38.6389 19.09 -62.07 0.0 0.0 0.15 0.14 0.001 0.15 0.0 3.0 LI3D_GPS
14.8351 38.5771 22.22 -62.52 0.0 0.0 0.16 0.15 0.001 -2.63 0.0 1.04 LINA_GPS
14.9482 38.4457 19.94 -58.77 0.0 0.0 0.17 0.15 0.001 0.15 0.0 3.0 LOSV_GPS
15.2342 38.8028 20.35 -62.08 0.0 0.0 0.21 0.16 0.001 -0.59 0.0 0.74 SVIN_GPS
14.9516 38.4094 21.63 -58.59 0.0 0.0 0.23 0.11 0.001 -8.33 0.0 0.61 VCSP_GPS
15.218 38.81 20.34 -62.2 22.36 18.13 0.13 0.14 0.026 0.64 0.15 3.0 SPLB_GPS
15.211 38.774 20.33 -62.29 22.47 17.82 0.1 0.11 0.028 0.65 0.15 3.0 SPLN_GPS
15.192 38.791 20.45 -62.37 22.46 17.89 0.1 0.1 0.03 0.65 0.15 3.0 STDF_GPS
15.07 38.63 20.62 -62.0 23.96 19.32 1.01 1.14 0.0 0.15 0.15 3.0 PANA_GPS
14.9608 38.3968 20.8 -56.7 22.54 23.31 0.21 0.26 0.001 1.26 1.26 3.01 IVGP_GPS
14.9865 38.3969 20.01 -56.21 22.03 24.16 0.12 0.16 0.001 1.26 1.26 3.01 IVUG_GPS
14.8717 38.5596 21.93 -63.18 24.62 17.42 0.64 0.68 0.0 -1.36 -2.88 2.36 ISAL_GPS
14.99 38.38 19.68 -56.33 21.71 24.04 0.52 0.54 -0.0 0.15 0.15 3.0 VULC_GPS
14.933 38.49 20.6 -59.22 22.59 21.15 1.61 1.62 -0.0 0.15 0.15 3.0 LIPA_GPS
14.95 38.42 21.83 -58.79 23.83 21.58 0.67 0.45 -0.0 0.15 0.15 3.0 VCSP_GPS
33.911 35.037 -2.12 -56.71 14.2 17.2 0.38 0.47 -0.0 22.39 22.39 3.03 FREN_GPS
38.706 38.234 -8.02 -53.4 13.49 17.63 0.99 1.05 -0.039 0.11 0.2 3.0 CAYK_GPS
118.72 25.34 5.98 7.63 36.22 -17.85 1.0 0.9 0.023 0.23 0.23 3.0 F019_GPS
33.4876 40.9783 -4.48 -60.9 14.28 13.22 0.87 0.73 0.001 -5.58 -5.58 3.35 IS07_GPS
33.4395 41.0152 -1.71 -61.67 17.03 12.48 1.04 0.68 0.001 -0.82 -0.82 3.37 IS08_GPS
33.776 41.371 3.78 -60.32 22.89 13.79 0.32 0.31 -0.0 0.03 0.02 2.68 KSTM_GPS
32.4442 40.8326 -6.89 -64.91 10.92 9.77 0.73 0.69 0.001 -0.48 -0.48 2.45 IS16_GPS
32.3376 40.8185 -4.7 -64.96 13.02 9.78 0.69 0.64 0.001 -1.78 -1.78 2.91 IS17_GPS
66.99084 30.16624 -5.8 -20.22 20.72 13.94 1.1 0.3 -0.037 0.32 1.81 3.0 QTAG_GPS
7.3656 53.1082 19.54 -62.54 0.0 0.0 0.16 0.14 0.001 -0.35 0.0 0.51 TGPA_GPS
6.0968 53.1024 26.52 -62.49 20.23 17.86 0.53 0.58 -0.0 0.03 0.03 1.94 DRCH_GPS
6.563 51.988 24.88 -66.54 19.14 13.86 0.29 0.29 -0.0 -0.24 -0.24 0.74 LCHT_GPS
9.452 52.415 18.89 -66.3 16.35 14.26 0.2 0.17 -0.0 -1.94 -1.94 0.67 WUN1_GPS
4.216 50.321 28.17 -62.04 19.62 17.79 0.48 0.48 -0.0 -0.09 0.15 1.75 FOVA_GPS
6.8872 53.3745 23.33 -63.94 17.92 16.48 0.36 0.33 -0.0 -3.09 -3.09 1.3 BIER_GPS
7.0157 53.2894 22.77 -63.74 17.51 16.69 0.47 0.37 -0.0 -2.66 -2.66 1.35 BOR3_GPS
6.6779 53.3102 23.89 -64.36 18.25 16.05 0.34 0.31 -0.0 -6.08 -6.08 1.35 BRNH_GPS
6.936 53.3228 22.42 -64.46 17.07 15.97 0.2 0.17 -0.0 -4.38 -4.38 0.83 DZY1_GPS
6.687 53.24 24.02 -63.61 18.39 16.8 0.15 0.22 -0.0 -5.29 -5.29 0.51 EEMS_GPS
6.6437 53.2127 23.92 -64.2 18.24 16.2 0.41 0.39 -0.0 -1.02 -1.02 1.77 ENGE_GPS
6.7818 53.1878 22.18 -63.98 16.66 16.44 0.19 0.14 -0.0 -5.09 -5.09 0.53 FROO_GPS
6.6047 53.1483 23.68 -64.16 17.96 16.24 0.44 0.43 -0.0 -1.59 -1.59 1.82 HAR2_GPS
6.9841 53.1567 23.3 -64.35 18.0 16.08 0.35 0.35 -0.0 -2.03 -2.03 1.31 HEIL_GPS
7.0309 53.3271 21.28 -64.8 16.03 15.64 0.21 0.18 -0.0 -1.97 -1.97 0.53 KNOC_GPS
6.8173 53.3517 23.03 -64.82 17.54 15.6 0.38 0.33 -0.0 -4.79 -4.79 1.25 LEER_GPS
6.6775 53.1175 23.56 -63.58 17.92 16.83 0.4 0.35 -0.0 0.13 0.13 1.71 MLRN_GPS
6.943 53.1986 22.87 -64.69 17.53 15.74 0.34 0.3 -0.0 -2.33 -2.33 1.24 NSCH_GPS
7.0375 53.221 21.94 -64.07 16.7 16.37 0.36 0.39 -0.0 -2.23 -2.23 1.34 OOSW_GPS
6.8228 53.2958 22.57 -64.62 17.09 15.8 0.18 0.23 -0.0 -5.07 -5.07 0.56 OVER_GPS
6.8004 53.1561 23.74 -64.6 18.24 15.82 0.35 0.33 -0.0 -2.87 -2.87 1.32 SAP1_GPS
6.8152 53.2423 22.49 -63.85 17.0 16.57 0.33 0.33 -0.0 -3.58 -3.58 1.29 SCHW_GPS
6.7018 53.3342 23.53 -64.54 17.91 15.87 0.18 0.17 -0.0 -5.94 -5.94 0.59 STED_GPS
6.7448 53.2991 23.0 -64.05 17.43 16.36 0.21 0.29 -0.0 -7.05 -7.05 0.58 TENP_GPS
6.882 53.2711 22.03 -64.58 16.62 15.84 0.18 0.15 -0.0 -4.46 -4.46 0.71 TJUC_GPS
6.565 53.214 24.35 -64.71 18.58 15.69 0.41 0.4 -0.0 -3.66 -3.66 1.01 GRGN_GPS
7.051 53.134 21.41 -63.8 16.19 16.64 0.29 0.35 -0.0 -1.35 -1.35 0.95 WSTN_GPS
6.788 53.383 22.99 -64.07 17.47 16.35 0.17 0.21 -0.0 -6.12 -6.12 0.49 ZAND_GPS
6.855 53.189 22.79 -64.3 17.35 16.12 0.28 0.13 -0.0 -4.43 -4.43 0.4 ZDVN_GPS
6.738 53.346 22.7 -65.1 17.13 15.31 0.14 0.17 -0.0 -6.13 -6.13 0.48 ZEER_GPS
-1.425 37.658 32.34 -60.91 20.1 17.88 0.2 0.2 0.001 0.53 0.1 3.0 GANU_GPS
358.8714 37.8065 30.8 -62.16 0.0 0.0 0.14 0.15 0.001 -0.77 0.0 0.38 AIRM_GPS
6.9071 44.6969 24.18 -67.22 0.0 0.0 0.21 0.2 0.001 -3.28 0.0 0.72 SVRN_GPS
7.0048 45.9465 23.15 -68.06 0.0 0.0 0.17 0.19 0.001 -5.64 0.0 0.47 ARGR_GPS
6.1026 45.926 26.07 -66.21 0.0 0.0 0.21 0.34 0.001 -1.38 0.0 1.19 ANNE_GPS
76.969 8.423 38.22 4.04 46.43 36.03 2.77 2.37 -0.009 0.19 0.19 3.0 TIR0_GPS
26.3944 47.9513 8.52 -67.91 23.3 9.53 0.56 0.52 0.0 -0.92 -0.92 0.9 DORO_GPS
15.2891 37.8527 20.91 -60.11 0.0 0.0 0.33 0.25 0.001 0.99 0.0 2.4 TAOR_GPS
15.265 37.87 18.74 -61.16 20.94 19.18 0.14 0.14 -0.002 0.14 0.14 3.0 9532_GPS
14.992 37.334 20.91 -59.58 22.81 20.79 0.29 0.3 0.024 0.14 0.14 3.0 ISCP_GPS
15.0771 37.5323 20.35 -67.78 0.0 0.0 0.14 0.16 0.001 4.66 0.0 0.49 CTAC_GPS
15.0821 37.5136 21.11 -63.52 0.0 0.0 0.18 0.2 0.001 1.52 0.0 0.8 EIIV_GPS
14.3035 37.5231 19.02 -62.74 0.0 0.0 0.23 0.15 0.001 0.95 0.0 0.54 EDEN_GPS
95.48 31.45 16.16 -18.11 55.67 -10.77 1.82 1.76 0.004 1.16 0.25 3.0 J387_GPS
95.69863 19.75792 15.29 10.76 39.88 17.25 0.56 0.55 0.0 0.36 0.36 3.0 0087_GPS
93.50979 19.39752 17.13 17.86 41.13 27.42 0.56 0.56 0.0 0.36 0.36 3.0 0324_GPS
86.292 35.376 -14.03 -3.68 28.8 15.86 0.81 0.83 0.009 0.25 0.25 3.01 AT11_GPS
93.05 35.09 2.84 -5.03 55.05 4.78 0.63 0.62 0.003 0.34 0.25 3.0 JB51_GPS
